Settings │ Budget │ Runs │ Roster
fetched 10m ago
claude (oauth_usage)
› 5h     ██░░░░░░░░░░░░░░   10%    —    2h 0m —
  7d     ██████████████░░   90%  +40   3d 12h real budget: prefer a cheaper bur…
codex (app_server) [pro]
  5h     █████░░░░░░░░░░░   30%    —    1h 0m —
cursor: unknown
pi: unknown














1-4 views • tab next view • r refresh • ? help • q quit …  not yet refreshed