  Settings │   Budget │   Runs │ ▸ Roster
crew c1
  name   state    tier/engine/model   detail          age    pr
› sage   working  deep/claude/opus    writing golde…  1m     https://githu…
  coral  blocked  standard/codex/gp…  waiting on co…  1h 0m  —
  hold h1: claude 7d until 2026-09-25T02:13:20Z — Resume after 7d window resets

































1-4 views • tab next view • r refresh • ? help • q quit • j/k move • enter events  refreshed 14:13:20